// Jest Snapshot v1, https://goo.gl/fbAQLP

exports[`test snapshot register test berhasil 1`] = `
<View
  style={
    Object {
      "backgroundColor": "#ffffff",
      "flex": 1,
      "padding": 20,
    }
  }
>
  <View
    accessible={true}
    collapsable={false}
    focusable={true}
    onClick={[Function]}
    onResponderGrant={[Function]}
    onResponderMove={[Function]}
    onResponderRelease={[Function]}
    onResponderTerminate={[Function]}
    onResponderTerminationRequest={[Function]}
    onStartShouldSetResponder={[Function]}
    style={
      Object {
        "opacity": 1,
      }
    }
  >
    <Image
      source={
        Object {
          "testUri": "../../../src/Assets/Icons/Back.png",
        }
      }
      style={
        Object {
          "height": 40,
          "marginBottom": 10,
          "width": 40,
        }
      }
    />
  </View>
  <Text
    style={
      Object {
        "color": "#05070d",
        "fontSize": 30,
        "fontWeight": "bold",
        "marginBottom": 10,
        "marginTop": 15,
        "padding": 10,
      }
    }
  >
    Create Account
  </Text>
  <View
    style={
      Object {
        "marginBottom": 10,
        "marginTop": 10,
      }
    }
  >
    <TextInput
      onChangeText={[Function]}
      placeholder="Full Name"
      style={
        Object {
          "backgroundColor": "#DEE6EF",
          "borderColor": "grey",
          "borderRadius": 5,
          "borderWidth": 1,
          "marginBottom": 10,
          "padding": 10,
        }
      }
      testID="input-name"
      value=""
    />
    <TextInput
      onChangeText={[Function]}
      placeholder="Email"
      secureTextEntry={true}
      style={
        Object {
          "backgroundColor": "#DEE6EF",
          "borderColor": "grey",
          "borderRadius": 5,
          "borderWidth": 1,
          "marginBottom": 10,
          "padding": 10,
        }
      }
      testID="input-email"
      value=""
    />
    <TextInput
      onChangeText={[Function]}
      placeholder="Password"
      secureTextEntry={true}
      style={
        Object {
          "backgroundColor": "#DEE6EF",
          "borderColor": "grey",
          "borderRadius": 5,
          "borderWidth": 1,
          "marginBottom": 10,
          "padding": 10,
        }
      }
      testID="input-password"
      value=""
    />
  </View>
  <View
    accessibilityRole="button"
    accessible={true}
    collapsable={false}
    focusable={true}
    onClick={[Function]}
    onResponderGrant={[Function]}
    onResponderMove={[Function]}
    onResponderRelease={[Function]}
    onResponderTerminate={[Function]}
    onResponderTerminationRequest={[Function]}
    onStartShouldSetResponder={[Function]}
    style={
      Object {
        "opacity": 1,
      }
    }
    testID="submitregister"
  >
    <View
      style={
        Array [
          Object {},
        ]
      }
    >
      <Text
        style={
          Array [
            Object {
              "color": "#007AFF",
              "fontSize": 18,
              "margin": 8,
              "textAlign": "center",
            },
          ]
        }
      >
        REGISTER
      </Text>
    </View>
  </View>
  <Text
    style={
      Object {
        "color": "#05070d",
        "fontSize": 15,
        "marginVertical": 10,
        "textAlign": "center",
      }
    }
  >
    Log into existing account
  </Text>
  <View
    accessibilityRole="button"
    accessible={true}
    collapsable={false}
    focusable={true}
    onClick={[Function]}
    onResponderGrant={[Function]}
    onResponderMove={[Function]}
    onResponderRelease={[Function]}
    onResponderTerminate={[Function]}
    onResponderTerminationRequest={[Function]}
    onStartShouldSetResponder={[Function]}
    style={
      Object {
        "opacity": 1,
      }
    }
  >
    <View
      style={
        Array [
          Object {},
        ]
      }
    >
      <Text
        style={
          Array [
            Object {
              "color": "#007AFF",
              "fontSize": 18,
              "margin": 8,
              "textAlign": "center",
            },
          ]
        }
      >
        LOGIN
      </Text>
    </View>
  </View>
</View>
`;
